// Jest Snapshot v1, https://goo.gl/fbAQLP

exports[`<Info /> renders 1`] = `
<div
  class="UserCard"
>
  <h4>
    User Info
  </h4>
  <ul>
    <li>
      Name: 
      PeL
    </li>
    <li>
      Phone: 
      +886 0970...
    </li>
    <li>
      Email: 
      forceoranj@gmail.com
    </li>
    <li>
      Website: 
      https://www.parisestludique.fr
    </li>
  </ul>
</div>
`;
